<MemoryDump><Memory><Address>0</Address><Value>11</Value></Memory><Memory><Address>1</Address><Value>20</Value></Memory><Memory><Address>2</Address><Value>30</Value></Memory><Memory><Address>3</Address><Value>40</Value></Memory><Memory><Address>4</Address><Value>10</Value></Memory><Memory><Address>5</Address><Value>25</Value></Memory><Memory><Address>6</Address><Value>0</Value></Memory><Memory><Address>7</Address><Value>40</Value></Memory></MemoryDump>