<?xml version='1.0' encoding='utf-8'?>
<Log><Instruction index="0"><opcode>LDC</opcode><operand>1</operand></Instruction><Instruction index="1"><opcode>LD</opcode><operand>0</operand></Instruction><Instruction index="2"><opcode>ST</opcode><operand>9</operand></Instruction><Instruction index="3"><opcode>LDC</opcode><operand>5</operand></Instruction><Instruction index="4"><opcode>LD</opcode><operand>0</operand></Instruction><Instruction index="5"><opcode>EQ</opcode><operand>9</operand></Instruction><Instruction index="6"><opcode>ST</opcode><operand>5</operand></Instruction></Log>